[    0.000000]Linu verion .15.-34-enerc (bilddlgw01amd4-04 (gcversn 7..0 bunt 73.0-6ubunt)) #37buntu SMMon ug27 121:4UTC 01 (Ubnt 4.1.034.3geneic4.1518)[   .0000] Cmandine:BOOTIMGE=/ot/vinuz.15.-3-gener roo=LBEL=oudi-rootfro cnsle=t1 coole=ty0
[  0.0000KERN supportedcpus:[   .0000]   Inel GenineIntel
[   000000   A AutheicAM
[  0.0000] CentaurCetaHaul
    0.00000] x86/pu: Supporting XSAVE feature 0x001:'x87 foating pointregiters'
[   0.00000 x86/fu: Supprting XSAVE feature 0x002: 'SSE registers'
[   0.000000] 86/fpu Suportig XSAV feaure 0x00 'AV regstrs'[    000000]x86/u: xate_ffet[2: 576,stat_sze2]: 56
   0.0000]86/fu: Enabld statfeates 0, coext ze is 2 bys, ung 'andad'form.
[  0.0000]820:IOS-pridedhysialRAM ap:
[    .0000] BOS820:[mem0x0000000000000x0000000009fbf] uabe
[    .00000] BIS-e820:[mem x0000000009f000x00000009ff] rerved
[  0.0000] OS-e0: [me0x000000000f00-000000000fff]reseve
[   .00000 BIO-e20: me 0x000000000000x000000feff] usbl
[    0.00000]IOS-20: mem x0000000fff000-00000003ffffff]CPI ta
   0.0000]BIS-e80:[memx000000fec0000x000000c00ff] rseved[   0.000000] IOS-e80:[mem0x00000fee000-x00000fee0ff] serv
[   0.00000]IOS-e8: [m 0x00000ffc00-0x00000ffffff] rerve
[  0.0000]  (ExcuteDiable) protctio: ctiv
[   0.00000] SMIOS .5 pesnt.
[    .0000] DI: innek GbHVirtlBoxVirtalBo, BIOS ViruaBox 2/01206
[  0.0000] pervor decte KVM
[  0.0000] e820: ast_pn = x3ff maxrch_fn = 0x40000
[  0.0000] MR: Dsale
    .00000] 86/PAT MTRRsdisale, skpingPAT niialiaton t.
[   0.0000] CP MRRs l blk - rtuazed stem
    0.0000 x6/PAT:onfirati [0-: WBWT  - UC W  WTUC- UC
[  0.0000]oundMP Mtablat [m 0x09ff-0x09fff mapd at      (pval)
[   0.00000] Scning1 reasfo lowmeory coruptin
[   00000 RAMISK:[mem0x35e10-0x3d6ff]
[  0.00000]ACPI Erly ble ecks vericatn dibled
   0.0000]CPI:SDP 000000000000 0024 v0 VBO  )
[    00000 ACP XSDT 0x00000003F00300003(v01VBOX VBOSDT 000001 L  000061)
[   00000] AC: FA 0x0000003FF000 00F4 v04 BOX  VOXFA 000001 L  000061
[   .00000 ACP DSD0x000000FF040 021F(v02BOX   OXBI 000002 IN 2010528
    .00000 API: ACS x0000000FFF020 00040
[  0.0000] ACPI: ACS 0x0000003FFF20 00040
    .00000] CP: APC 0x000000003FF0240 0005C v0 VBO   VOXPIC 000001 A  00000061
    .00000 API: DT 000000003F02A0001 (v0VBOX  BOPUT 0000 INT2010058)
[   0.0000] N NMAconfigatiofound
   00000 Fakg a od at me 0x00000000000-0x00000003fefff]
[  0.0000] NO_DAT0) allated [m 0xfc50-0x3efff]
[  0.0000kvm-ock:pu 0msr 3ff4401, pmarycp clo
[  0.0000] k-clo: Usin msr4b5601 a 4b5d00[   .00000 kvmclck: ing hed ofset f 3825335260cycls
[   0.0000] cocsour: kvcloc mas 0xffffffffff macycls:0x1c42e4ffb, m_idlns: 819059483 ns
[    00000 Zonranges
[   0000000  DM    mem 000000000000-0x0000000ffff
[   0.0000]  DMA2   [mm 0x00000000000-0x0000003fefff]
[  0.0000]  orma  empt
    0000]   vice emp
[  0.0000] Mableone strt forach no
[   .00000 Ear memy no ranes
[  0.0000]  ode  0 [me0x000000001000-0x000000009ef]
[   0.00000] node 0: em 000000001000-0x000003feff]
[  0.0000] itmesetu nod 0 [m 0x000000001000x00000003ffeff]
   0.0000]eservebut naailable:  pages
[  0.0000] PI: -Timr IOPort0x40
[   .0000] IPIC[0] aic_i 2, version 32, address0xec000, GSI-23[   .000000] ACPI:NT_S_OVRbus bus_q 0 lobal_q 2 l df
[   .00000 ACPI:NT_S_OVRbus 0 us_irq 9glbal_rq 9 l lev)
[  0.0000] ing PI (DT) r SMconfuratoninfoatio
    0000] smbot: Aowin 2 CPU,  hotug CUs
[  0.0000]M: Risterenosa memy: [m 0x00000-x000fff]
[  0.0000] PMRegiteed nsave mory:mem 0009f00-x000fff]
[   0.0000] : Resterd osavmemo: [m 0x00a000-0x000eff]
[  0.0000] M:Regitered osav mmory [em 000f000-0x000ffff
[  0.0000]820:mem 400000-0xfbffff]vailbl forCI dices
[   000000]Bootng parirtuized knel  KVM
[  0.0000] loksoue: rfied-jfiesmask0xffffffax_ccls:xffffff, mx_idle_ns:764596001568 ns
[   00000 rando getando_btes lledrom art_rnel0x9/4fd th crninit
[  0.000000]setp_percu: N_CPU:819 nr_pumaskbits2 nrcp_ids2 r_no_ids
[  0.0000] rcpu: bedd 46 agescpu       (prvl) s5152 r92 d862 0485
[  0.0000]V qsnlochashableenries256 rder 0, 4096ytes
[  0.00000]Bult 1onelts, mobility grouping on.  Total ags: 2913[   .0000] Picy ne: A32[   0.0000 KernecommndlineBOOTMAGEboot/vlinuz-4150-34geericoot=BEL=oudi-roos roonso=ttyconse=tt0
[   0.0000]emor 98361/10481K avlabl (1200 kerl coe,2471 rdata4244rodaa,2408 iit, 16K s, 6458Kreseed,  cmareerve)
[  0.0000SLUBHWalgn=64,Orer=0, Mibjec=0, Us=2 Ndes=
[   000000] Krnelser ge tbls islaion:nabl
[   .0000] face:llocting9147enriesn 15page
[  0.00000] Hrarcicl RCimplentaon.[   0.0400 	RCrestctinCPUsfrom N_CPUS=92 t n_cpuds=2
    004000	Tas RCUnabl.
[  0.0000] RC: djusng gmetryfo r_fant_lef=6, n_cpuid=2
   0.004000 N_IRQ: 2454, r_ir: 44, realcateirqs16
[  0.0000]onso: cour VA+80x25
[  0.4000] onsole [tty1] enabled
[    0.00000]consol [tyS0 eabled
[   0.4000ACPICore rviion 1708
[   0.0400 ACP 2 AI AMtabl sucssfuy acirednd laded
[    0.004000] APIC: Switch to symmetric I/O mode setup
[    0.004326] x2apic enabled
[    0.008005] Switched APIC routing to physical x2apic.
[    0.013158] ..TIMER: vector=0x30 apic1=0 pin1=2 apic2=-1 pin2=-1
[    0.016007] tsc: Detected 1992.001 MHz processor
[    0.020011] Calibrating delay loop (skipped) preset value.. 3984.00 BogoMIPS (lpj=7968004)
[    0.024007] pid_max: default: 32768 minimum: 301
[    0.028047] Security Framework initialized
[    0.032008] Yama: becoming mindful.
[    0.032926] AppArmor: AppArmor initialized
[    0.036057] Dentry cache hash table entries: 131072 (order: 8, 1048576 bytes)
[    0.040172] Inode-cache hash table entries: 65536 (order: 7, 524288 bytes)
[    0.044029] Mount-cache hash table entries: 2048 (order: 2, 16384 bytes)
[    0.048017] Mountpoint-cache hash table entries: 2048 (order: 2, 16384 bytes)
[    0.052228] mce: CPU supports 0 MCE banks
[    0.056029] Last level iTLB entries: 4KB 64, 2MB 8, 4MB 8
[    0.060007] Last level dTLB entries: 4KB 64, 2MB 0, 4MB 0, 1GB 4
[    0.064007] Spectre V2 : Mitigation: Full generic retpoline
[    0.068005] Spectre V2 : Spectre v2 mitigation: Filling RSB on context switch
[    0.072006] Speculative Store Bypass: Vulnerable
[    0.076156] Freeing SMP alternatives memory: 36K
[    0.084000] smpboot: CPU0: Intel(R) Core(TM) i7-8550U CPU @ 1.80GHz (family: 0x6, model: 0x8e, stepping: 0xa)
[    0.084086] Performance Events: unsupported p6 CPU model 142 no PMU driver, software events only.
[    0.088064] Hierarchical SRCU implementation.
[    0.092500] NMI watchdog: Perf event create on CPU 0 failed with -2
[    0.096009] NMI watchdog: Perf NMI watchdog permanently disabled
[    0.100069] smp: Bringing up secondary CPUs ...
[    0.104202] x86: Booting SMP configuration:
[    0.108008] .... node  #0, CPUs:      #1
[    0.004000] kvm-clock: cpu 1, msr 0:3ff44041, secondary cpu clock
[    0.004000] mce: CPU supports 0 MCE banks
[    0.274094] smp: Brought up 1 node, 2 CPUs
[    0.276011] smpboot: Max logical packages: 1
[    0.280009] smpboot: Total of 2 processors activated (7968.00 BogoMIPS)
[    0.284141] devtmpfs: initialized
[    0.288087] x86/mm: Memory block size: 128MB
[    0.292169] evm: security.selinux
[    0.296009] evm: security.SMACK64
[    0.300005] evm: security.SMACK64EXEC
[    0.304003] evm: security.SMACK64TRANSMUTE
[    0.308006] evm: security.SMACK64MMAP
[    0.312006] evm: security.apparmor
[    0.316006] evm: security.ima
[    0.320003] evm: security.capability
[    0.324174] clocksource: jiffies: mask: 0xffffffff max_cycles: 0xffffffff, max_idle_ns: 7645041785100000 ns
[    0.328016] futex hash table entries: 512 (order: 3, 32768 bytes)
[    0.332083] pinctrl core: initialized pinctrl subsystem
[    0.340120] RTC time:  6:58:44, date: 10/01/18
[    0.344217] NET: Registered protocol family 16
[    0.348178] audit: initializing netlink subsys (disabled)
[    0.352067] audit: type=2000 audit(1538377070.626:1): state=initialized audit_enabled=0 res=1
[    0.376012] cpuidle: using governor ladder
[    0.380018] cpuidle: using governor menu
[    0.384057] ACPI: bus type PCI registered
[    0.388005] acpiphp: ACPI Hot Plug PCI Controller Driver version: 0.5
[    0.392108] PCI: Using configuration type 1 for base access
[    0.400064] HugeTLB registered 2.00 MiB page size, pre-allocated 0 pages
[    0.404115] ACPI: Added _OSI(Module Device)
[    0.408012] ACPI: Added _OSI(Processor Device)
[    0.412007] ACPI: Added _OSI(3.0 _SCP Extensions)
[    0.416006] ACPI: Added _OSI(Processor Aggregator Device)
[    0.420018] ACPI: Added _OSI(Linux-Dell-Video)
[    0.424003] ACPI: Added _OSI(Linux-Lenovo-NV-HDMI-Audio)
[    0.428274] ACPI: Executed 1 blocks of module-level executable AML code
[    0.437294] ACPI: Interpreter enabled
[    0.440026] ACPI: (supports S0 S5)
[    0.444005] ACPI: Using IOAPIC for interrupt routing
[    0.448281] PCI: Using host bridge windows from ACPI; if necessary, use "pci=nocrs" and report a bug
[    0.452224] ACPI: Enabled 2 GPEs in block 00 to 07
[    0.464797] ACPI: PCI Root Bridge [PCI0] (domain 0000 [bus 00-ff])
[    0.468011] acpi PNP0A03:00: _OSC: OS supports [ASPM ClockPM Segments MSI]
[    0.472047] acpi PNP0A03:00: _OSC: not requesting OS control; OS requires [ExtendedConfig ASPM ClockPM MSI]
[    0.476021] acpi PNP0A03:00: fail to add MMCONFIG information, can't access extended PCI configuration space under this bridge.
[    0.480709] PCI host bridge to bus 0000:00
[    0.484008] pci_bus 0000:00: root bus resource [io  0x0000-0x0cf7 window]
[    0.488007] pci_bus 0000:00: root bus resource [io  0x0d00-0xffff window]
[    0.492006] pci_bus 0000:00: root bus resource [mem 0x000a0000-0x000bffff window]
[    0.496007] pci_bus 0000:00: root bus resource [mem 0x40000000-0xfdffffff window]
[    0.500009] pci_bus 0000:00: root bus resource [bus 00-ff]
[    0.509792] pci 0000:00:01.1: legacy IDE quirk: reg 0x10: [io  0x01f0-0x01f7]
[    0.512009] pci 0000:00:01.1: legacy IDE quirk: reg 0x14: [io  0x03f6]
[    0.516008] pci 0000:00:01.1: legacy IDE quirk: reg 0x18: [io  0x0170-0x0177]
[    0.520006] pci 0000:00:01.1: legacy IDE quirk: reg 0x1c: [io  0x0376]
[    0.536382] pci 0000:00:07.0: quirk: [io  0x4000-0x403f] claimed by PIIX4 ACPI
[    0.540024] pci 0000:00:07.0: quirk: [io  0x4100-0x410f] claimed by PIIX4 SMB
[    0.553711] ACPI: PCI Interrupt Link [LNKA] (IRQs 5 9 10 *11)
[    0.556522] ACPI: PCI Interrupt Link [LNKB] (IRQs 5 9 *10 11)
[    0.560175] ACPI: PCI Interrupt Link [LNKC] (IRQs 5 *9 10 11)
[    0.564139] ACPI: PCI Interrupt Link [LNKD] (IRQs 5 9 10 *11)
[    0.568356] SCSI subsystem initialized
[    0.572074] pci 0000:00:02.0: vgaarb: setting as boot VGA device
[    0.576000] pci 0000:00:02.0: vgaarb: VGA device added: decodes=io+mem,owns=io+mem,locks=none
[    0.576010] pci 0000:00:02.0: vgaarb: bridge control possible
[    0.580006] vgaarb: loaded
[    0.584052] ACPI: bus type USB registered
[    0.588040] usbcore: registered new interface driver usbfs
[    0.592028] usbcore: registered new interface driver hub
[    0.596041] usbcore: registered new device driver usb
[    0.600102] EDAC MC: Ver: 3.0.0
[    0.604273] PCI: Using ACPI for IRQ routing
[    0.608245] NetLabel: Initializing
[    0.612004] NetLabel:  domain hash size = 128
[    0.616007] NetLabel:  protocols = UNLABELED CIPSOv4 CALIPSO
[    0.620051] NetLabel:  unlabeled traffic allowed by default
[    0.624111] clocksource: Switched to clocksource kvm-clock
[  0434]FSDi qtadqot_66.0  1.338]FSDqt-cae shab eri: 2 rd 040 bes

[   .172 ApAorApArmo FesteEnle
    2.714] pnp: PnP ACPI init
[    2.850749] pnp: PnP ACPI: found 3 devices

[   .859 cckur: pim:as 0fff x_cycls:xfff m_ie_: 8510 n
[  4193]ETRegier ptol faly
[   4.920]CPstliedastae trs:19 (orr:, 53 byt)
[  5.55] P ndastae tres81 (rdr:5,312 te
[   .497 T: shabs nfur (taisd 92in81)[   7.3830 U hh blenie 5 (de 2164 te)[   .252 U-Litha tlentes51(oer2,63 bes
[  9324]ET Risered rocofaly
  9.79] i 000:.0Liti decPC/PI ransrs[ 10827]ci00001. AivinISDMha wkaun
[   11644]ci00002. Veoeve thhaweRO at mem 0000-000dff]
[   126017Unacin itrfs.
[   13.304606] Freeing initrd memory: 18972K
[   13.411380] platform rtc_cmos: registered platform RTC device (no PNP device found)
[   13.616418] Scanning for low memory corruption every 60 seconds
[   13.792406] Initialise system trusted keyrings
[   13.885273] Key type blacklist registered
[   14.002164] workingset: timestamp_bits=36 max_order=18 bucket_order=0
[   14.182687] zbud: loaded
[   14.183593] squashfs: version 4.0 (2009/01/31) Phillip Lougher
[   14.230430] fuse init (API version 7.26)
[   14.359905] Key type asymmetric registered
[   14.477137] tsc: Refined TSC clocksource calibration: 1993.183 MHz
[   14.480941] Asymmetric key parser 'x509' registered
[   14.480998] Block layer SCSI generic (bsg) driver version 0.4 loaded (major 246)
[   14.636430] io scheduler noop registered
[   14.636431] io scheduler deadline registered
[   14.636499] io scheduler cfq registered (default)
[   15.219985] clocksource: tsc: mask: 0xffffffffffffffff max_cycles: 0x39760d31304, max_idle_ns: 881590569641 ns
[   15.479816] ACPI: AC Adapter [AC] (on-line)
[   15.616460] input: Power Button as /devices/LNXSYSTM:00/LNXPWRBN:00/input/input0
[   15.819095] ACPI: Power Button [PWRF]
[   15.827686] input: Sleep Button as /devices/LNXSYSTM:00/LNXSLPBN:00/input/input1
[   15.887271] ACPI: Sleep Button [SLPF]
[   15.960769] Serial: 8250/16550 driver, 32 ports, IRQ sharing enabled
[   15.961934] ACPI: Battery Slot [BAT0] (battery present)
ÿ[   16.269127] 00:02: ttyS0 at I/O 0x3f8 (irq = 4, base_baud = 115200) is a 16550A
[   16.338549] Linux agpgart interface v0.103
[   16.449613] loop: module loaded
[   16.504815] scsi host0: ata_piix
[   16.547148] scsi host1: ata_piix
[   16.635500] ata1: PATA max UDMA/33 cmd 0x1f0 ctl 0x3f6 bmdma 0xd000 irq 14
[   16.727905] ata2: PATA max UDMA/33 cmd 0x170 ctl 0x376 bmdma 0xd008 irq 15
[   16.736976] libphy: Fixed MDIO Bus: probed
[   16.749823] tun: Universal TUN/TAP device driver, 1.6
[   16.750887] PPP generic driver version 2.4.2
[   16.751800] ehci_hcd: USB 2.0 'Enhanced' Host Controller (EHCI) Driver
[   16.752977] ehci-pci: EHCI PCI platform driver
[   16.755034] ehci-platform: EHCI generic platform driver
[   16.755953] ohci_hcd: USB 1.1 'Open' Host Controller (OHCI) Driver
[   16.764067] ohci-pci: OHCI PCI platform driver
[   16.764898] ohci-platform: OHCI generic platform driver
[   16.765869] uhci_hcd: USB Universal Host Controller Interface driver
[   16.767135] i8042: PNP: PS/2 Controller [PNP0303:PS2K,PNP0f03:PS2M] at 0x60,0x64 irq 1,12
[   16.770336] serio: i8042 KBD port at 0x60,0x64 irq 1
[   16.773381] serio: i8042 AUX port at 0x60,0x64 irq 12
[   16.787924] mousedev: PS/2 mouse device common for all mice
[   16.844089] input: AT Translated Set 2 keyboard as /devices/platform/i8042/serio0/input/input2
[   16.849176] rtc_cmos rtc_cmos: rtc core: registered rtc_cmos as rtc0
[   16.849263] rtc_cmos rtc_cmos: alarms up to one day, 114 bytes nvram
[   16.849270] i2c /dev entries driver
[   16.849313] device-mapper: uevent: version 1.0.3
[   16.849357] device-mapper: ioctl: 4.37.0-ioctl (2017-09-20) initialised: dm-devel@redhat.com
[   17.770933] ledtrig-cpu: registered to indicate activity on CPUs
[   17.952004] NET: Registered protocol family 10
[   18.015139] Segment Routing with IPv6
[   18.078120] NET: Registered protocol family 17
[   18.232564] Key type dns_resolver registered
[   18.360835] RAS: Correctable Errors collector initialized.
[   18.547551] sched_clock: Marking stable (18547518603, 0)->(85230813098, -66683294495)
[   18.807929] registered taskstats version 1
[   18.937041] Loading compiled-in X.509 certificates
[   19.105120] Loaded X.509 cert 'Build time autogenerated kernel key: 197c80222fd2638086c51a9b9e4961ca73d6ea07'
[   19.222823] zswap: loaded using pool lzo/zbud
[   19.319678] Key type big_key registered
[   19.427088] Key type trusted registered
[   19.558140] Key type encrypted registered
[   19.684575] AppArmor: AppArmor sha1 policy hashing enabled
[   19.854346] ima: No TPM chip found, activating TPM-bypass! (rc=-19)
[   20.046757] ima: Allocated hash algorithm: sha1
[   20.166924] evm: HMAC attrs: 0x1
[   20.226544]   Magic number: 6:176:973
[   20.237114] rtc_cmos rtc_cmos: setting system clock to 2018-10-01 06:59:11 UTC (1538377151)
[   20.445243] BIOS EDD facility v0.16 2004-Jun-25, 0 devices found
[   20.545341] EDD information not available.
[   20.690714] Freeing unused kernel memory: 2408K
[   20.852106] Write protecting the kernel read-only data: 20480k
[   20.976032] Freeing unused kernel memory: 2008K
[   21.060447] Freeing unused kernel memory: 1900K
[   21.165969] x86/mm: Checked W+X mappings: passed, no W+X pages found.
[   21.270186] x86/mm: Checking user space page tables
[   21.347538] x86/mm: Checked W+X mappings: passed, no W+X pages found.
Loading, please wait...
starting version 237
[   21.567446] e1000: Intel(R) PRO/1000 Network Driver - version 7.3.21-k8-NAPI
[   21.768496] e1000: Copyright (c) 1999-2006 Intel Corporation.
[   21.935770] Fusion MPT base driver 3.04.20
[   22.054733] Copyright (c) 1999-2008 LSI Corporation
[   22.158696] input: ImExPS/2 Generic Explorer Mouse as /devices/platform/i8042/serio1/input/input4
[   22.400400] AVX2 version of gcm_enc/dec engaged.
[   22.421893] AES CTR mode by8 optimization enabled
[   22.444718] Fusion MPT SPI Host driver 3.04.20
[   22.622520] e1000 0000:00:03.0 eth0: (PCI:33MHz:32-bit) 02:4d:82:c4:d5:87
[   22.869746] e1000 0000:00:03.0 eth0: Intel(R) PRO/1000 Network Connection
[   23.506328] e1000 0000:00:08.0 eth1: (PCI:33MHz:32-bit) 08:00:27:98:3b:44
[   23.667220] e1000 0000:00:08.0 eth1: Intel(R) PRO/1000 Network Connection
[   23.896212] e1000 0000:00:08.0 enp0s8: renamed from eth1
[   23.905275] mptbase: ioc0: Initiating bringup
[   24.216411] e1000 0000:00:03.0 enp0s3: renamed from eth0
[   24.392463] ioc0: LSI53C1030 A0: Capabilities={Initiator}
[   24.811200] scsi host2: ioc0: LSI53C1030 A0, FwRev=00000000h, Ports=1, MaxQ=256, IRQ=20
[   25.258740] scsi 2:0:0:0: Direct-Access     VBOX     HARDDISK         1.0  PQ: 0 ANSI: 5
[   27.470275] scsi target2:0:0: Beginning Domain Validation
[   28.518514] scsi target2:0:0: Domain Validation skipping write tests
[   29.988676] scsi target2:0:0: Ending Domain Validation
[   30.092257] scsi target2:0:0: asynchronous
[   30.106286] scsi 2:0:1:0: Direct-Access     VBOX     HARDDISK         1.0  PQ: 0 ANSI: 5
[   30.362771] scsi target2:0:1: Beginning Domain Validation
[   30.589162] random: fast init done
[   31.050581] scsi target2:0:1: Domain Validation skipping write tests
[   31.250359] scsi target2:0:1: Ending Domain Validation
[   31.448832] scsi target2:0:1: asynchronous
[   32.034708] random: systemd-udevd: uninitialized urandom read (16 bytes read)
[   32.040839] sd 2:0:0:0: Attached scsi generic sg0 type 0
[   32.041055] sd 2:0:1:0: Attached scsi generic sg1 type 0
[   32.475458] random: systemd-udevd: uninitialized urandom read (16 bytes read)
[   32.689158] random: systemd-udevd: uninitialized urandom read (16 bytes read)
[   32.916808] sd 2:0:0:0: [sda] 20971520 512-byte logical blocks: (10.7 GB/10.0 GiB)
[   32.920684] sd 2:0:1:0: [sdb] 20480 512-byte logical blocks: (10.5 MB/10.0 MiB)
[   32.920968] sd 2:0:1:0: [sdb] Write Protect is off
[   32.921377] sd 2:0:1:0: [sdb] Incomplete mode parameter data
[   32.921393] sd 2:0:1:0: [sdb] Assuming drive cache: write through
[   33.157555] sd 2:0:1:0: [sdb] Attached SCSI disk
[   33.707200] sd 2:0:0:0: [sda] Write Protect is off
[   33.854762] sd 2:0:0:0: [sda] Incomplete mode parameter data
[   34.016379] sd 2:0:0:0: [sda] Assuming drive cache: write through
[   34.212368]  sda: sda1
[   34.238389] sd 2:0:0:0: [sda] Attached SCSI disk
Begin: Loading essential drivers ... [   36.036548] raid6: sse2x1   gen() 12927 MB/s
[   36.228825] raid6: sse2x1   xor()  9809 MB/s
[   36.412371] raid6: sse2x2   gen() 14716 MB/s
[   36.592009] raid6: sse2x2   xor()  6465 MB/s
[   36.700247] raid6: sse2x4   gen() 12368 MB/s
[   36.804691] raid6: sse2x4   xor() 10831 MB/s
[   36.996010] raid6: avx2x1   gen() 20232 MB/s
[   37.172635] raid6: avx2x1   xor() 15597 MB/s
[   37.336695] raid6: avx2x2   gen() 29486 MB/s
[   37.520130] raid6: avx2x2   xor() 15776 MB/s
[   37.712440] raid6: avx2x4   gen() 33253 MB/s
[   37.832414] raid6: avx2x4   xor() 17262 MB/s
[   37.967475] raid6: using algorithm avx2x4 gen() 33253 MB/s
[   38.148082] raid6: .... xor() 17262 MB/s, rmw enabled
[   38.301198] raid6: using avx2x2 recovery algorithm
[   38.462546] xor: automatically using best checksumming function   avx       
[   38.695064] async_tx: api initialized (async)
done.
Begin: Running /scripts/init-premount ... done[   38.881741] Btrfs loaded, crc32c=crc32c-intel
.
Begin: Mounting root file system ... Begin: Running /scripts/[   39.064918] EXT4-fs (sda1): mounted filesystem with ordered data mode. Opts: (null)
local-top ... done.
Begin: Running /scripts/local-premount ... Scanning for Btrfs filesystems
done.
Warning: fsck not present, so skipping root file system
done.
Begin: Running /scripts/local-bottom ... done.
Begin: Running /scripts/init-bottom ... done.
[   39.651331] ip_tables: (C) 2000-2006 Netfilter Core Team
[   40.873280] systemd[1]: systemd 237 running in system mode. (+PAM +AUDIT +SELINUX +IMA +APPARMOR +SMACK +SYSVINIT +UTMP +LIBCRYPTSETUP +GCRYPT +GNUTLS +ACL +XZ +LZ4 +SECCOMP +BLKID +ELFUTILS +KMOD -IDN2 +IDN -PCRE2 default-hierarchy=hybrid)
[   46.162972] systemd[1]: Detected virtualization oracle.
[   46.304695] systemd[1]: Detected architecture x86-64.

Welcome to [1mUbuntu 18.04.1 LTS[0m!

[   46.529746] systemd[1]: Set hostname to <ubuntu-bionic>.
[   46.965790] systemd[1]: Started Forward Password Requests to Wall Directory Watch.
[[0;32m  OK  [0m] Started Forward Password Requests to Wall Directory Watch.
[   47.226971] systemd[1]: Created slice System Slice.
[[0;32m  OK  [0m] Created slice System Slice.
[   47.304902] systemd[1]: Listening on LVM2 metadata daemon socket.
[[0;32m  OK  [0m] Listening on LVM2 metadata daemon socket.
[   47.385526] systemd[1]: Listening on udev Kernel Socket.
[[0;32m  OK  [0m] Listening on udev Kernel Socket.
[   47.568672] systemd[1]: Reached target User and Group Name Lookups.
[[0;32m  OK  [0m] Reached target User and Group Name Lookups.
[   47.702022] systemd[1]: Created slice User and Session Slice.
[[0;32m  OK  [0m] Created slice User and Session Slice.
[   47.885279] systemd[1]: Listening on Journal Socket.
[[0;32m  OK  [0m] Listening on Journal Socket.
         Starting Uncomplicated firewall...
         [   48.123457] random: crng init done
Mounting Kernel [   48.194698] random: 7 urandom warning(s) missed due to ratelimiting
Debug File System...
[[0;32m  OK  [0m] Reached target Slices.
[[0;32m  OK  [0m] Listening on /dev/initctl Compatibility Named Pipe.
         Starting Load Ke[   50.001165] Loading iSCSI transport class v2.0-870.
rnel Modules...[   50.167376] iscsi: registered transport (tcp)

[[0;32m  OK  [0m] Listening on [   50.934208] iscsi: registered transport (iser)
Journal Socket (/dev/log).
[[0;32m  OK  [0m] Reached target System Time Synchronized.
         Starting Set the console keyboard layout...
[   51.201098] systemd[1]: Listening on Network Service Netlink Socket.
[[0;32m  OK  [0m] Listening on Network Service Netlink Socket.
[   51.438504] systemd[1]: Set up automount Arbitrary Executable File Formats File System Automount Point.
[[0;32m  OK  [0m] Set up automount Arbitrary Executabâ€¦rmats File System Automount Point.
[   51.830191] systemd[1]: Starting Remount Root and Kernel File Systems...
[   51.840616] EXT4-fs (sda1): re-mounted. Opts: (null)
         Starting Remount Root and Kernel File Systems...
[   52.173644] systemd[1]: Listening on Syslog Socket.
[[0;32m  OK  [0m] Listening on Syslog Socket.
[   52.368921] systemd[1]: Mounting Huge Pages File System...
         Mounting Huge Pages File System...
[   52.565138] systemd[1]: Listening on Journal Audit Socket.
[[0;32m  OK  [0m] Listening on Journal Audit Socket.
[   52.767858] systemd[1]: Starting Journal Service...
         Starting Journal Service...
[   52.946952] systemd[1]: Mounting POSIX Message Queue File System...
         Mounting POSIX Message Queue File System...
[   53.080593] systemd[1]: Listening on LVM2 poll daemon socket.
[[0;32m  OK  [0m] Listening on LVM2 poll daemon socket.
[   53.285068] systemd[1]: Reached target Swap.
[[0;32m  OK  [0m] Reached target Swap.
[[0;32m  OK  [0m] Created slice system-serial\x2dgetty.slice.
         Starting Create list of required stâ€¦ce nodes for the current kernel...
[[0;32m  OK  [0m] Listening on udev Control Socket.
         Starting udev Coldplug all Devices...
[[0;32m  OK  [0m] Listening on Device-mapper event daemon FIFOs.
         Starting Monitoring of LVM2 mirrorsâ€¦ng dmeventd or progress polling...
[[0;32m  OK  [0m] Started Journal Service.
[[0;32m  OK  [0m] Started Uncomplicated firewall.
[[0;32m  OK  [0m] Mounted Kernel Debug File System.
[[0;32m  OK  [0m] Started Load Kernel Modules.
[[0;32m  OK  [0m] Started Set the console keyboard layout.
[[0;32m  OK  [0m] Started Remount Root and Kernel File Systems.
[[0;32m  OK  [0m] Mounted Huge Pages File System.
[[0;32m  OK  [0m] Mounted POSIX Message Queue File System.
[[0;32m  OK  [0m] Started Create list of required staâ€¦vice nodes for the current kernel.
[[0;32m  OK  [0m] Started LVM2 metadata daemon.
         Starting Create Static Device Nodes in /dev...
         Starting Initial cloud-init job (pre-networking)...
         Starting Load/Save Random Seed...
         Mounting FUSE Control File System...
         Starting Apply Kernel Variables...
         Mounting Kernel Configuration File System...
         Starting Flush Journal to Persistent Storage...
[[0;32m  OK  [0m] Started Monitoring of LVM2 mirrors,â€¦sing dmeventd or progress polling.
[[0;32m  OK  [0m] Started udev Coldplug all Devices.
[[0;32m  OK  [0m] Started Create Static Device Nodes in /dev.
[[0;32m  OK  [0m] Started Load/Save Random Seed.
[[0;32m  OK  [0m] Mounted FUSE Control File System.
[[0;32m  OK  [0m] Started Apply Kernel Variables.
[[0;32m  OK  [0m] Mounted Kernel Configuration File System.
         Starting udev Kernel Device Manager...
[[0;32m  OK  [0m] Reached target Local File Systems (Pre).
[[0;32m  OK  [0m] Reached target Local File Systems.
         Starting Set console font and keymap...
         Starting AppArmor initialization...
         Starting ebtables ruleset management...
         Starting Tell Plymouth To Write Out Runtime Data...
[[0;32m  OK  [0m] Started udev Kernel Device Manager.
[[0;32m  OK  [0m] Started Set console font and keymap.
[[0;32m  OK  [0m] Started Tell Plymouth To Write Out Runtime Data.
[[0;32m  OK  [0m] Started Dispatch Password Requests to Console Directory Watch.
[[0;32m  OK  [0m] Reached target Local Encrypted Volumes.
[[0;32m  OK  [0m] Started ebtables ruleset management.
[[0;32m  OK  [0m] Started Flush Journal to Persistent Storage.
[[0;32m  OK  [0m] Found device /dev/ttyS0.
[[0;32m  OK  [0m] Listening on Load/Save RF Kill Switch Status /dev/rfkill Watch.
         Starting Create Volatile Files and Directories...
[[0;32m  OK  [0m] Started Create Volatile Files and Directories.
         Starting Update UTMP about System Boot/Shutdown...
[[0;32m  OK  [0m] Started Update UTMP about System Boot/Shutdown.
[[0;32m  OK  [0m] Started AppArmor initialization.
[   56.447326] cloud-init[408]: Cloud-init v. 18.3-9-g2e62cb8a-0ubuntu1~18.04.2 running 'init-local' at Mon, 01 Oct 2018 06:59:47 +0000. Up 55.91 seconds.
[[0;32m  OK  [0m] Started Initial cloud-init job (pre-networking).
[[0;32m  OK  [0m] Reached target Network (Pre).
         Starting Network Service...
[[0;32m  OK  [0m] Started Network Service.
         Starting Wait for Network to be Configured...
         Starting Network Name Resolution...
[[0;32m  OK  [0m] Started Network Name Resolution.
[[0;32m  OK  [0m] Reached target Network.
[[0;32m  OK  [0m] Reached target Host and Network Name Lookups.
[[0;32m  OK  [0m] Started Wait for Network to be Configured.
         Starting Initial cloud-init job (metadata service crawler)...
[   60.047883] cloud-init[634]: Cloud-init v. 18.3-9-g2e62cb8a-0ubuntu1~18.04.2 running 'init' at Mon, 01 Oct 2018 06:59:50 +0000. Up 59.49 seconds.
[[0;32m  OK  [0m] Started Initial cloud-init job (metadata service crawler).
[   60.240879] cloud-init[634]: ci-info: ++++++++++++++++++++++++++++++++++++++Net device info+++++++++++++++++++++++++++++++++++++++
[[0;32m  OK  [0m] Reached target Network is Online.
[   60.489305] cloud-init[634]: ci-info: +--------+------+-----------------------------+---------------+--------+-------------------+
         Starting iSCSI initiator daemon (iscsid)...
[   60.660543] [cloud-init[0;32m  OK  [0m[634]: ] ci-info: | Device |  Up  |           Address           |      Mask     | Scope  |     Hw-Address    |Reached target System Initialization.

[[0;32m  OK  [0m] Started Discard unused blocks once a week.
[   60.956533] [cloud-init[0;32m  OK  [0m[634]: ] ci-info: +--------+------+-----------------------------+---------------+--------+-------------------+Started Message of the Day.

         Starting LXD - unix socket.
[   61.233809] [cloud-init[0;32m  OK  [0m[634]: ] ci-info: | enp0s3 | True |          10.0.2.15          | 255.255.255.0 | global | 02:4d:82:c4:d5:87 |Started Daily Cleanup of Temporary Directories.

[   61.540601]          cloud-initStarting Socket activation for snappy daemon.[634]: 
ci-info: | enp0s3 | True |  fe80::4d:82ff:fec4:d587/64 |       .       |  link  | 02:4d:82:c4:d5:87 |
[[0;32m  OK  [0m] Listening on UUID daemon activation socket.
[   61.741696] [cloud-init[0;32m  OK  [0m[634]: ] ci-info: | enp0s8 | True |        192.168.33.10        | 255.255.255.0 | global | 08:00:27:98:3b:44 |Listening on ACPID Listen Socket.

[[0;32m  OK  [0m] Started ACPI Events Check.
[   62.068674] [[0;32m  OK  [0m] Listening on D-Bus System Message Bus Socket.
cloud-init[634]: ci-info: | enp0s8 | True | fe80::a00:27ff:fe98:3b44/64 |       .       |  link  | 08:00:27:98:3b:44 |
[[0;32m  OK  [0m] Reached target Paths.
[   62.337520] [cloud-init[0;32m  OK  [0m[634]: ] ci-info: |   lo   | True |          127.0.0.1          |   255.0.0.0   |  host  |         .         |Started Daily apt download activities.

[   62.612686] [cloud-init[0;32m  OK  [0m[634]: ] ci-info: |   lo   | True |           ::1/128           |       .       |  host  |         .         |Started Daily apt upgrade and clean activities.

[[0;32m  OK  [0m] Reached target Timers.
[   62.860861] [cloud-init[0;32m  OK  [0m[634]: ] ci-info: +--------+------+-----------------------------+---------------+--------+-------------------+Reached target Cloud-config availability.

[[0;32m  OK  [0m] Listening on LXD - unix socket.
[   63.040483] [cloud-init[0;32m  OK  [0m[634]: ] ci-info: +++++++++++++++++++++++++++++Route IPv4 info+++++++++++++++++++++++++++++Listening on Socket activation for snappy daemon.

[   63.256447] [cloud-init[0;32m  OK  [0m[634]: ] ci-info: +-------+--------------+----------+-----------------+-----------+-------+Started iSCSI initiator daemon (iscsid).

         Starting Availability of block devices...
[[0;32m  OK  [0m] Reached target Remote File Systems (Pre).
[[0;32m  OK  [0m] Reached target Remote File Systems.
[   63.432817] cloud-init[634]: ci-info: | Route | Destination  | Gateway  |     Genmask     | Interface | Flags |
[[0;32m  OK  [0m] Reached target Sockets.
[[0;32m  OK  [0m] Reached target Basic System.
[   63.741654] cloud-init[634]: ci-info: +-------+--------------+----------+-----------------+-----------+-------+
         Starting LSB: automatic crash report generation...
[   63.967921] cloud-init[634]: ci-info: |   0   |   0.0.0.0    | 10.0.2.2 |     0.0.0.0     |   enp0s3  |   UG  |
         Starting LSB: Record successful boot for GRUB...
[   64.161012] cloud-init[634]: ci-info: |   1   |   10.0.2.0   | 0.0.0.0  |  255.255.255.0  |   enp0s3  |   U   |
[   64.332617]          cloud-initStarting vboxadd.service...[634]: 
ci-info: |   2   |   10.0.2.2   | 0.0.0.0  | 255.255.255.255 |   enp0s3  |   UH  |
[[0;32m  OK  [0m] Started FUSE filesystem for LXC.
[   64.469189] cloud-init[634]: ci-info: |   3   | 192.168.33.0 | 0.0.0.0  |  255.255.255.0  |   enp0s8  |   U   |
         Starting Permit User Sessions...
[   64.692445] cloud-init[634]: ci-info: +-------+--------------+----------+-----------------+-----------+-------+
[[0;32m  OK  [0m] Started Deferred execution scheduler.
[   64.865226] cloud-init[634]: ci-info: +++++++++++++++++++Route IPv6 info+++++++++++++++++++
         Starting Accounts Service...
[   65.040294] [cloud-init[0;32m  OK  [0m[634]: ] ci-info: +-------+-------------+---------+-----------+-------+Started Unattended Upgrades Shutdown.

         Starting Dispatcher daemon for systemd-networkd...
[   65.165896] cloud-init[634]: ci-info: | Route | Destination | Gateway | Interface | Flags |
         Starting Snappy daemon...
[   65.240557] cloud-init[634]: ci-info: +-------+-------------+---------+-----------+-------+
         Starting System Logging Service...
[   65.294989] cloud-init[634]: ci-info: |   1   |  fe80::/64  |    ::   |   enp0s8  |   U   |
[[0;32m  OK  [0m] Started irqbalance daemon.
[   65.343823] cloud-init[634]: ci-info: |   2   |  fe80::/64  |    ::   |   enp0s3  |   U   |
[[0;32m  OK  [0m] Started D-Bus System Message Bus.
[   65.449718] cloud-init[634]: ci-info: |   4   |    local    |    ::   |   enp0s3  |   U   |
         Starting Login Service...
[   65.527844] cloud-init[634]: ci-info: |   5   |    local    |    ::   |   enp0s8  |   U   |
[[0;32m  OK  [0m] Started Regular background program processing daemon.
[   65.623985] cloud-init[634]: ci-info: |   6   |   ff00::/8  |    ::   |   enp0s8  |   U   |
         Starting OpenBSD Secure Shell server...
[   65.748432] cloud-init[634]: ci-info: |   7   |   ff00::/8  |    ::   |   enp0s3  |   U   |
[   65.828103]          cloud-initStarting LXD - container startup/shutdown...[634]: 
ci-info: +-------+-------------+---------+-----------+-------+
[[0;32m  OK  [0m] Started System Logging Service.
[[0;32m  OK  [0m] Started Snappy daemon.
[[0;32m  OK  [0m] Started Dispatcher daemon for systemd-networkd.
[[0;32m  OK  [0m] Started Availability of block devices.
[[0;32m  OK  [0m] Started vboxadd.service.
[[0;32m  OK  [0m] Started Permit User Sessions.
[[0;32m  OK  [0m] Started LXD - container startup/shutdown.
[[0;32m  OK  [0m] Started OpenBSD Secure Shell server.
[[0;32m  OK  [0m] Started Login Service.
[[0;32m  OK  [0m] Started LSB: Record successful boot for GRUB.
[[0;32m  OK  [0m] Started LSB: automatic crash report generation.
         Starting Authorization Manager...
         Starting Terminate Plymouth Boot Screen...
         Starting Hold until boot process finishes up...
         Starting vboxadd-service.service...
         Starting Wait until snapd is fully seeded...
[[0;32m  OK  [0m] Started Terminate Plymouth Boot Screen.
[[0;32m  OK  [0m] Started Hold until boot process finishes up.
[[0;32m  OK  [0m] Started vboxadd-service.service.
[[0;32m  OK  [0m] Started Wait until snapd is fully seeded.
[[0;32m  OK  [0m] Started Authorization Manager.
[[0;32m  OK  [0m] Started Accounts Service.
         Starting Apply the settings specified in cloud-config...
[[0;32m  OK  [0m] Started Serial Getty on ttyS0.
         Starting Set console scheme...
[[0;32m  OK  [0m] Started Set console scheme.
[[0;32m  OK  [0m] Created slice system-getty.slice.
[[0;32m  OK  [0m] Started Getty on tty1.
[[0;32m  OK  [0m] Reached target Login Prompts.
[[0;32m  OK  [0m] Reached target Multi-User System.
[[0;32m  OK  [0m] Reached target Graphical Interface.
         Starting Update UTMP about System Runlevel Changes...
[[0;32m  OK  [0m] Created slice User Slice of vagrant.
         Starting User Manager for UID 1000...
[[0;32m  OK  [0m] Started Update UTMP about System Runlevel Changes.
[[0;32m  OK  [0m] Started User Manager for UID 1000.
[[0;32m  OK  [0m] Started Session 1 of user vagrant.
[   68.090586] cloud-init[1240]: Cloud-init v. 18.3-9-g2e62cb8a-0ubuntu1~18.04.2 running 'modules:config' at Mon, 01 Oct 2018 06:59:59 +0000. Up 67.81 seconds.
[[0;32m  OK  [0m] Started Apply the settings specified in cloud-config.
         Starting Execute cloud user/final scripts...
[   69.019363] cloud-init[1353]: Cloud-init v. 18.3-9-g2e62cb8a-0ubuntu1~18.04.2 running 'modules:final' at Mon, 01 Oct 2018 07:00:00 +0000. Up 68.79 seconds.
[[   69.168976] cloud-init[1353]: Cloud-init v. 18.3-9-g2e62cb8a-0ubuntu1~18.04.2 finished at Mon, 01 Oct 2018 07:00:00 +0000. Datasource DataSourceNoCloud [seed=/dev/sdb][dsmode=net].  Up 69.00 seconds
[0;32m  OK  [0m] Started Execute cloud user/final scripts.
[[0;32m  OK  [0m] Reached target Cloud-init target.
         Starting Daily apt download activities...

Ubuntu 18.04.1 LTS ubuntu-bionic ttyS0

ubuntu-bionic login: 